During startup - Warning message:
Setting LC_CTYPE failed, using "C" 
Linking to GEOS 3.13.0, GDAL 3.8.5, PROJ 9.5.1; sf_use_s2() is TRUE
terra 1.8.21
Loading required package: spam
Spam version 2.11-3 (2026-01-05) is loaded.
Type 'help( Spam)' or 'demo( spam)' for a short introduction 
and overview of this package.
Help for individual functions is also obtained by adding the
suffix '.spam' to the function name, e.g. 'help( chol.spam)'.

Attaching package: 'spam'

The following objects are masked from 'package:base':

    backsolve, forwardsolve

Loading required package: viridisLite
Loading required package: RColorBrewer

Try help(fields) to get started.

Attaching package: 'fields'

The following object is masked from 'package:terra':

    describe

Intervention nodes: 121 
Treated: 60 Control: 61 
Polygon intervention
Computing circle averages for each distance value...
  d = 0 (1/31)
  d = 1 (2/31)
  d = 2 (3/31)
  d = 3 (4/31)
  d = 4 (5/31)
  d = 5 (6/31)
  d = 6 (7/31)
  d = 7 (8/31)
  d = 8 (9/31)
  d = 9 (10/31)
  d = 10 (11/31)
  d = 11 (12/31)
  d = 12 (13/31)
  d = 13 (14/31)
  d = 14 (15/31)
  d = 15 (16/31)
  d = 16 (17/31)
  d = 17 (18/31)
  d = 18 (19/31)
  d = 19 (20/31)
  d = 20 (21/31)
  d = 21 (22/31)
  d = 22 (23/31)
  d = 23 (24/31)
  d = 24 (25/31)
  d = 25 (26/31)
  d = 26 (27/31)
  d = 27 (28/31)
  d = 28 (29/31)
  d = 29 (30/31)
  d = 30 (31/31)
Too many permutations to use exact method.
Defaulting to approximate method.
Increase maxiter to at least 1.91645966716128e+35 to perform exact estimation.
Call: SpatialEffect

      dVec AME_est Conley.CI.l Conley.CI.u Per.CI.l Per.CI.u AME_smoothed
 [1,]    1  -0.009      -0.022       0.004   -0.009    0.009       -0.010
 [2,]    2  -0.008      -0.020       0.004   -0.008    0.009       -0.009
 [3,]    3  -0.009      -0.021       0.004   -0.007    0.008       -0.008
 [4,]    4  -0.007      -0.017       0.003   -0.007    0.008       -0.007
 [5,]    5  -0.007      -0.017       0.003   -0.007    0.008       -0.007
 [6,]    6  -0.007      -0.017       0.004   -0.007    0.007       -0.006
 [7,]    7  -0.004      -0.013       0.005   -0.007    0.007       -0.004
 [8,]    8  -0.003      -0.011       0.005   -0.006    0.007       -0.004
 [9,]    9  -0.002      -0.009       0.005   -0.006    0.008       -0.003
[10,]   10  -0.002      -0.010       0.005   -0.005    0.006       -0.002
[11,]   11  -0.004      -0.010       0.002   -0.005    0.006       -0.002
[12,]   12  -0.001      -0.005       0.002   -0.005    0.005       -0.002
[13,]   13  -0.001      -0.003       0.002   -0.005    0.005       -0.001
[14,]   14  -0.001      -0.002       0.000   -0.004    0.004       -0.001
[15,]   15   0.000      -0.001       0.001   -0.004    0.004        0.000
      sm.Conley.CI.l sm.Conley.CI.u
 [1,]         -0.022          0.002
 [2,]         -0.020          0.003
 [3,]         -0.019          0.003
 [4,]         -0.017          0.003
 [5,]         -0.016          0.003
 [6,]         -0.015          0.003
 [7,]         -0.013          0.004
 [8,]         -0.011          0.004
 [9,]         -0.009          0.004
[10,]         -0.008          0.003
[11,]         -0.007          0.003
[12,]         -0.006          0.003
[13,]         -0.005          0.002
[14,]         -0.003          0.002
[15,]         -0.002          0.001
Too many permutations to use exact method.
Defaulting to approximate method.
Increase maxiter to at least 1.91645966716128e+35 to perform exact estimation.
Test statistic: -0.03961043 
Test CI: -0.03429321 0.03471868 

=== Done (SpatialEffect2) ===
Warning messages:
1: package 'sf' was built under R version 4.4.3 
2: package 'spam' was built under R version 4.4.3 
3: st_centroid assumes attributes are constant over geometries 
4: st_centroid assumes attributes are constant over geometries 
5: In sqrt(VCE_d[2, 2]) : NaNs produced
6: In sqrt(VCE_d[2, 2]) : NaNs produced
7: In sqrt(VCE_d[2, 2]) : NaNs produced
