During startup - Warning message:
Setting LC_CTYPE failed, using "C" 
Linking to GEOS 3.13.0, GDAL 3.8.5, PROJ 9.5.1; sf_use_s2() is TRUE
terra 1.8.21
Loading required package: spam
Spam version 2.11-3 (2026-01-05) is loaded.
Type 'help( Spam)' or 'demo( spam)' for a short introduction 
and overview of this package.
Help for individual functions is also obtained by adding the
suffix '.spam' to the function name, e.g. 'help( chol.spam)'.

Attaching package: 'spam'

The following objects are masked from 'package:base':

    backsolve, forwardsolve

Loading required package: viridisLite
Loading required package: RColorBrewer

Try help(fields) to get started.

Attaching package: 'fields'

The following object is masked from 'package:terra':

    describe

Number of invalid PA geometries: 0 
Combined raster values:

   0    1  NaN 
 545  250 3820 
Boundary raster values:

   0    1 <NA> 
 545  225 3845 
Intervention nodes kept: 764 
Treated: 225 Control: 539 

=== Running SpatialEffect2 (polygon, donut) ===
Polygon intervention
Computing circle averages for each distance value...
  d = 0 (1/41)
  d = 500 (2/41)
  d = 1000 (3/41)
  d = 1500 (4/41)
  d = 2000 (5/41)
  d = 2500 (6/41)
  d = 3000 (7/41)
  d = 3500 (8/41)
  d = 4000 (9/41)
  d = 4500 (10/41)
  d = 5000 (11/41)
  d = 5500 (12/41)
  d = 6000 (13/41)
  d = 6500 (14/41)
  d = 7000 (15/41)
  d = 7500 (16/41)
  d = 8000 (17/41)
  d = 8500 (18/41)
  d = 9000 (19/41)
  d = 9500 (20/41)
  d = 10000 (21/41)
  d = 10500 (22/41)
  d = 11000 (23/41)
  d = 11500 (24/41)
  d = 12000 (25/41)
  d = 12500 (26/41)
  d = 13000 (27/41)
  d = 13500 (28/41)
  d = 14000 (29/41)
  d = 14500 (30/41)
  d = 15000 (31/41)
  d = 15500 (32/41)
  d = 16000 (33/41)
  d = 16500 (34/41)
  d = 17000 (35/41)
  d = 17500 (36/41)
  d = 18000 (37/41)
  d = 18500 (38/41)
  d = 19000 (39/41)
  d = 19500 (40/41)
  d = 20000 (41/41)
Too many permutations to use exact method.
Defaulting to approximate method.
Increase maxiter to at least 4.13338082549351e+199 to perform exact estimation.
Call: SpatialEffect

      dVec AME_est Conley.CI.l Conley.CI.u Per.CI.l Per.CI.u AME_smoothed
 [1,] 1000  -0.011      -0.017      -0.005   -0.004    0.004       -0.008
 [2,] 1500  -0.006      -0.010      -0.001   -0.003    0.004       -0.008
 [3,] 2000  -0.007      -0.011      -0.003   -0.003    0.004       -0.008
 [4,] 2500  -0.008      -0.013      -0.002   -0.003    0.003       -0.007
 [5,] 3000  -0.008      -0.015      -0.002   -0.004    0.004       -0.007
 [6,] 3500  -0.008      -0.014      -0.003   -0.003    0.004       -0.006
 [7,] 4000  -0.005      -0.011       0.000   -0.003    0.003       -0.006
 [8,] 4500  -0.005      -0.009      -0.002   -0.003    0.003       -0.005
 [9,] 5000  -0.004      -0.010       0.001   -0.003    0.004       -0.005
      sm.Conley.CI.l sm.Conley.CI.u
 [1,]         -0.012         -0.004
 [2,]         -0.012         -0.004
 [3,]         -0.012         -0.004
 [4,]         -0.011         -0.003
 [5,]         -0.011         -0.003
 [6,]         -0.010         -0.002
 [7,]         -0.010         -0.002
 [8,]         -0.009         -0.001
 [9,]         -0.008         -0.001
Too many permutations to use exact method.
Defaulting to approximate method.
Increase maxiter to at least 4.13338082549351e+199 to perform exact estimation.

Test statistic: -0.06271094 
Test CI: -0.0235468 0.02231403 

=== Done ===
Warning messages:
1: package 'sf' was built under R version 4.4.3 
2: package 'spam' was built under R version 4.4.3 
3: In do.call(data.frame, c(x, alis)) :
  unable to translate 'C<U+00F3>DIGO' to native encoding
4: attribute variables are assumed to be spatially constant throughout all geometries 
5: st_crs<- : replacing crs does not reproject data; use st_transform for that 
6: st_crs<- : replacing crs does not reproject data; use st_transform for that 
7: st_centroid assumes attributes are constant over geometries 
